// Jest Snapshot v1, https://goo.gl/fbAQLP

exports[`renders nothing if data is empty 1`] = `""`;

exports[`renders nothing if data not provided 1`] = `""`;

exports[`renders nothing if query not provided 1`] = `""`;

exports[`renders suggestions 1`] = `
<glamorous(div)
  className="autosuggest"
>
  <ul>
    <glamorous(li)
      key="0"
    >
      abide
    </glamorous(li)>
    <glamorous(li)
      key="1"
    >
      abysmal
    </glamorous(li)>
  </ul>
</glamorous(div)>
`;
