// Jest Snapshot v1, https://goo.gl/fbAQLP

exports[`renders nothing if data is empty 1`] = `null`;

exports[`renders nothing if data not provided 1`] = `null`;

exports[`renders nothing if query not provided 1`] = `null`;

exports[`renders suggestions 1`] = `
.glamor-2,
[data-glamor-2] {
  display: -webkit-box;
  display: -moz-box;
  display: -ms-flexbox;
  display: -webkit-flex;
  display: flex;
  flex: 1;
  -webkit-flex: 1;
}

.glamor-0,
[data-glamor-0] {
  padding: 12px 0;
  text-align: center;
  font-size: 24px;
}

<div
  class="glamor-2 autosuggest"
>
  <ul>
    <li
      class="glamor-0"
    >
      abide
    </li>
    <li
      class="glamor-0"
    >
      abysmal
    </li>
  </ul>
</div>
`;
