// Jest Snapshot v1, https://goo.gl/fbAQLP

exports[`renders 1`] = `
.css-0,
[data-css-0] {
  box-sizing: border-box;
  display: -webkit-inline-box;
  display: -moz-inline-box;
  display: -ms-inline-flexbox;
  display: -webkit-inline-flex;
  display: inline-flex;
  align-items: center;
  justify-content: center;
  background-color: tomato;
  position: absolute;
  border-radius: 50%;
  vertical-align: middle;
  padding: 2px;
  min-width: 20px;
  min-height: 20px;
  font-size: 12px;
  font-family: Arial, sans-serif;
  bottom: 100%;
  left: 100%;
  margin-left: -15px;
  margin-bottom: -15px;
  color: white;
  -webkit-box-align: center;
  -webkit-align-items: center;
  -webkit-box-pack: center;
  -webkit-justify-content: center;
}

<div
  class="css-0"
>
  10
</div>
`;
