// Jest Snapshot v1, https://goo.gl/fbAQLP

exports[`renders 1`] = `
.css-0,
[data-css-0] {
  display: block;
  width: 100%;
  border: 0;
  background-color: transparent;
  font-size: 64px;
  text-align: center;
  color: white;
}

.css-0:focus,
[data-css-0]:focus {
  outline: 0;
}

.css-0:focus::placeholder,
[data-css-0]:focus::placeholder {
  color: transparent;
}

.css-0::-webkit-input-placeholder,
[data-css-0]::-webkit-input-placeholder {
  color: #6D6F7f;
}

.css-0::-moz-placeholder,
[data-css-0]::-moz-placeholder {
  color: #6D6F7f;
}

.css-0::-ms-input-placeholder,
[data-css-0]::-ms-input-placeholder {
  color: #6D6F7f;
}

.css-0::placeholder,
[data-css-0]::placeholder {
  color: #6D6F7f;
}

<input
  class="css-0 search"
  data-test="input"
  placeholder="Enter a search query..."
  value="test"
>
  
</input>
`;
