// Jest Snapshot v1, https://goo.gl/fbAQLP

exports[`renders nothing if data is empty 1`] = `null`;

exports[`renders slides 1`] = `
.css-0,
[data-css-0] {
  display: -webkit-box;
  display: -moz-box;
  display: -ms-flexbox;
  display: -webkit-flex;
  display: flex;
  flex: 1;
  flex-basis: 100%;
  align-self: stretch;
  -webkit-flex: 1;
  -webkit-flex-basis: 100%;
  -webkit-align-self: stretch;
}

<div
  class="css-0"
>
  <div>
    first
  </div>
  <div>
    first
  </div>
  <div>
    first
  </div>
</div>
`;
